2026-09-22 19:47:08  Running: git add queries/01_top_customers_by_spend.sql queries/02_monthly_sales_trend.sql
2026-09-22 19:47:08  Running: git commit -m "Add top customers and monthly sales trend queries"
2026-09-22 19:47:08  Running: git push
2026-09-22 19:47:11  Done. Committed and pushed: Add top customers and monthly sales trend queries (queue position now 1 of 6)
2026-09-22 19:56:24  Running: git add queries/03_top_selling_genres.sql queries/04_customer_running_total.sql
2026-09-22 19:56:24  Running: git commit -m "Add top-selling genres and customer running total queries"
2026-09-22 19:56:24  Running: git push
2026-09-22 19:56:27  Done. Committed and pushed: Add top-selling genres and customer running total queries (queue position now 2 of 6)
2026-09-23 18:52:39  Running: git add queries/01_top_customers_by_spend.sql queries/02_monthly_sales_trend.sql
2026-09-23 18:52:39  Running: git commit -m "Add top customers and monthly sales trend queries"
2026-09-23 18:52:39  Running: git push
2026-09-23 18:52:56  Done. Committed and pushed: Add top customers and monthly sales trend queries (queue position now 1 of 6)
2026-09-25 14:04:25  Running: git add queries/03_top_selling_genres.sql queries/04_customer_running_total.sql
2026-09-25 14:04:26  Running: git commit -m "Add top-selling genres and customer running total queries"
2026-09-25 14:04:26  Running: git push
2026-09-25 14:04:28  Done. Committed and pushed: Add top-selling genres and customer running total queries (queue position now 2 of 6)
2026-09-26 12:44:27  Running: git add queries/05_repeat_vs_onetime_customers.sql queries/06_employee_sales_performance.sql
2026-09-26 12:44:28  Running: git commit -m "Add repeat-customer classification and employee sales ranking queries"
2026-09-26 12:44:28  Running: git push
2026-09-26 12:44:30  Done. Committed and pushed: Add repeat-customer classification and employee sales ranking queries (queue position now 3 of 6)
